[0;90mPort: 6667[0m
[0;90mPassword: lol[0m
[0;34m<< [0mCAP LS
[0;34m<< [0mPASS 
[0;32m>> [0m461  PASS :Not enough parameters
[0;34m<< [0mUSER screw
Exited by signal
