[0;90mPassword: lol[0m
[0;34m<< [0mCAP LS
[0;34m<< [0mPASS lol
[0;34m<< [0mNICK John
[0;34m<< [0mUSER Raxacoricofallapatorius
[0;32m>> [0m001 John :Welcome to the IRC Network, John
[0;90mClient is authenticated: Nickname[John]; Username[Raxacoricofallapat][0m
Exited by signal
