[0;90mPort: 6667[0m
[0;90mPassword: lol[0m
[0;34m<< [0mCAP LS
[0;34m<< [0mPASS lol
[0;34m<< [0mNICK Raxacoricofallapatorius
[0;34m<< [0mUSER pouet
[0;32m>> [0m001 Raxacoricofallapatorius :Welcome to the IRC Network, Raxacoricofallapatorius
[0;90mClient is authenticated: Nickname[Raxacoricofallapatorius]; Username[pouet][0m
Exited by signal
