[0;90mPassword: lol[0m
[0;34m<< [0mCAP LS
[0;34m<< [0mPASS lol
[0;34m<< [0mNICK screw
[0;34m<< [0mUSER pouet
[0;32m>> [0m001 screw :Welcome to the IRC Network, screw
[0;90mClient is authenticated: Nickname[screw]; Username[pouet][0m
[0;34m<< [0mJOIN #pouet
[0;31m>> [0m:screw!~pouet@localhost JOIN :#pouet

[0;32m>> [0m331 screw #pouet :No topic is set
[0;32m>> [0m353 screw = #pouet :@screw
[0;32m>> [0m366 screw #pouet :End of /NAMES list.
[0;34m<< [0mMODE #pouet +ki-l password
[0;31m>> [0m:screw!~pouet@localhost MODE #pouet +ki-l password

[0;34m<< [0mMODE #pouet
[0;32m>> [0m324 screw #pouet +ik
[0;34m<< [0mMODE #pouet +l-k password
[0;31m>> [0m:screw!~pouet@localhost MODE #pouet -k

[0;34m<< [0mMODE #pouet
[0;32m>> [0m324 screw #pouet +i
[0;34m<< [0mMODE #pouet +l-l 12
[0;31m>> [0m:screw!~pouet@localhost MODE #pouet +l 12

[0;34m<< [0mMODE #pouet
[0;32m>> [0m324 screw #pouet +il
Exited by signal
