[0;90mPassword: lol[0m
[0;34m<< [0mCAP LS
[0;34m<< [0mPASS i
[0;32m>> [0m464  :Password incorrect
[0;32m>> [0mERROR :Connection closed
[0;90mclose connection[0m
Exited by signal
